// Vitest Snapshot v1, https://vitest.dev/guide/snapshot.html

exports[`Given Search component > when rendered, should match snapshot 1`] = `
<DocumentFragment>
  <form
    class="_search_b6bc0a"
    method="post"
  >
    <input
      class="_input_b6bc0a"
      name="searchValue"
      type="text"
      value="Test Value"
    />
    <button
      class="_btn_b6bc0a"
      type="submit"
    >
      Search
    </button>
  </form>
</DocumentFragment>
`;
