// Vitest Snapshot v1, https://vitest.dev/guide/snapshot.html

exports[`Given Search component > when rendered, should match snapshot 1`] = `
<DocumentFragment>
  <div
    class="_search_b6bc0a"
  >
    <input
      class="_input_b6bc0a"
      name="searchValue"
      type="text"
      value="search"
    />
    <button
      class="_btn_b6bc0a"
    >
      Search
    </button>
  </div>
</DocumentFragment>
`;
